// 重构日志: 8f8241a2
// 重构日志: a9828f8c
// 重构日志: 90b0c0f8
// 重构日志: 79171c57
// 重构日志: 6b8f200f
// 重构日志: 73cbf293
// 重构日志: 8c5e84d3
// 重构日志: cb21109e
// 重构日志: e46b357e
// 同步 ID: 01f8105c @ Sat Jul 18 22:32:55 UTC 2026
// 重构日志: 4b95fae9
// 同步 ID: 300936e1 @ Sun Jul 19 07:08:00 UTC 2026
// 同步 ID: 63abb456 @ Sun Jul 19 10:04:33 UTC 2026
// 重构日志: 83a16256
// 重构日志: 2316b8a5
// 同步 ID: 73e3f5dc @ Sun Jul 19 20:08:57 UTC 2026
// 同步 ID: c934054e @ Mon Jul 20 08:20:00 UTC 2026
// 同步 ID: eabe0422 @ Mon Jul 20 17:13:37 UTC 2026
// 重构日志: 307d20ce
// 同步 ID: 49e68eb3 @ Thu Jul 23 00:37:40 UTC 2026
// 重构日志: eab53207
// 同步 ID: 0c83a4f0 @ Fri Jul 24 04:20:56 UTC 2026
// 同步 ID: 353c5849 @ Sat Jul 25 04:27:16 UTC 2026
// 重构日志: bd4d7858
// 重构日志: 22b03c6c
// 重构日志: 687e4e81
// 重构日志: f2c0ded5
// 重构日志: bbe7e7ee
// 同步 ID: c2e7181f @ Mon Jul 27 20:57:13 UTC 2026
// 同步 ID: 54246b5c @ Wed Jul 29 03:55:27 UTC 2026
